// Jest Snapshot v1, https://goo.gl/fbAQLP

exports[`Making sure it works render correctly input task from 1`] = `
<div
  className="flex flex-col w-full max-w-500px mt-100px p-30px rounded-10px bg-zinc-100"
>
  <h1
    className="uppercase text-center font-serif italic text-green-400 font-bold"
  >
    my todolist
  </h1>
  <div
    className="flex justify-center items-center space-x-20px pt-20px"
  >
    <input
      className="w-20rem h-2.5rem p-5px border-1 rounded-md"
      onChange={[Function]}
      placeholder="Enter Task"
      type="text"
    />
    <button
      className="bg-teal-400 w-8rem h-2.5rem rounded-md"
      onClick={[Function]}
    >
      Add task
    </button>
  </div>
  <div
    className="flex flex-col justify-center items-center space-y-5 m-20px"
  />
</div>
`;
